=== [PASS 1] TOKENIZER ===
[["decl","uninit",1],["num",1,3],["type","fun",3],["name",null,7],["iden","角谷猜想",13],["ctrl","funstart",19],["ctrl","funarg",23],["num",1,25],["type","num",25],["assgn",null,28],["iden","甲",31],["ctrl","funbody",38],["decl","uninit",46],["num",1,48],["type","fun",48],["name",null,52],["iden","助手",56],["ctrl","funstart",66],["ctrl","funarg",70],["num",1,72],["type","num",72],["assgn",null,79],["iden","乙",82],["ctrl","funbody",93],["op","/",104],["iden","乙",107],["opord","l",108],["num",2,111],["mod",null,114],["name",null,118],["iden","積",121],["ctrl","if",132],["iden","積",135],["cmp","!=",138],["num",0,140],["ctrl","conj",140],["op","*",142],["num",3,144],["opord","l",144],["iden","乙",147],["data","，",149],["name",null,151],["iden","埃",154],["op","+",156],["num",1,158],["opord","l",158],["iden","埃",161],["data","，",163],["name",null,165],["iden","埃",168],["ctrl","else",180],["data","， ",183],["op","/",183],["num",2,185],["opord","r",185],["iden","乙",188],["name",null,192],["iden","埃",195],["ctrl","end",196],["ctrl","ret",208],["iden","埃",211],["ctrl","funend0",219],["iden","助手",223],["ctrl","funend1",226],["decl","uninit",235],["num",1,237],["type","arr",237],["name",null,241],["iden","回",244],["ctnr","push",246],["iden","回",249],["opord","l",250],["iden","甲",253],["ctrl","whiletrue",262],["ctrl","if",273],["iden","甲",276],["cmp","==",278],["num",1,280],["ctrl","conj",280],["data","，",282],["ctrl","break",283],["ctrl","end",285],["call",null,296],["iden","助手",300],["opord","r",301],["iden","甲",304],["rassgn","a",307],["iden","甲",310],["ctrl","conj",311],["rassgn","b",313],["ans",null,314],["rassgn","c",316],["ctnr","push",327],["iden","回",330],["opord","l",331],["iden","甲",334],["ctrl","end",342],["ctnr","push",349],["iden","回",352],["opord","l",353],["num",1,361],["ctrl","ret",362],["iden","回",365],["ctrl","funend0",369],["iden","角谷猜想",375],["ctrl","funend1",378],["call",null,382],["iden","角谷猜想",388],["opord","r",389],["num",12,393],["print",null,394],["call",null,397],["iden","角谷猜想",403],["opord","r",404],["num",19,408],["print",null,409],["call",null,412],["iden","角谷猜想",418],["opord","r",419],["num",27,424],["print",null,425]]


=== [PASS 2] ABSTRACT SYNTAX CHAIN ===
[{"op":"var","count":1,"type":"fun","values":[],"names":["角谷猜想"],"pos":1},{"op":"fun","arity":1,"args":[{"name":"甲","type":"num"}],"pos":19},{"op":"funbody","pos":38},{"op":"var","count":1,"type":"fun","values":[],"names":["助手"],"pos":46},{"op":"fun","arity":1,"args":[{"name":"乙","type":"num"}],"pos":66},{"op":"funbody","pos":93},{"lhs":["iden","乙",107],"rhs":["num",2,111],"op":"op%"},{"op":"name","names":["積"],"pos":118},{"op":"if","test":[["iden","積",135],["cmp","!=",138],["num",0,140]],"pos":132},{"lhs":["num",3,144],"rhs":["iden","乙",147],"op":"op*"},{"op":"name","names":["埃"],"pos":151},{"lhs":["num",1,158],"rhs":["iden","埃",161],"op":"op+"},{"op":"name","names":["埃"],"pos":165},{"op":"else","pos":180},{"lhs":["iden","乙",188],"rhs":["num",2,185],"op":"op/"},{"op":"name","names":["埃"],"pos":192},{"op":"end","pos":196},{"op":"return","value":["iden","埃",211],"pos":208},{"op":"funend","pos":219},{"op":"var","count":1,"type":"arr","values":[],"names":["回"],"pos":235},{"op":"push","container":"回","values":[["iden","甲",253]],"pos":246},{"op":"whiletrue","pos":262},{"op":"if","test":[["iden","甲",276],["cmp","==",278],["num",1,280]],"pos":273},{"op":"break","pos":283},{"op":"end","pos":285},{"op":"call","fun":"助手","args":[["iden","甲",304]],"pos":296},{"op":"reassign","lhs":["iden","甲",310],"pos":307,"rhs":["ans",null,314]},{"op":"push","container":"回","values":[["iden","甲",334]],"pos":327},{"op":"end","pos":342},{"op":"push","container":"回","values":[["num",1,361]],"pos":349},{"op":"return","value":["iden","回",365],"pos":362},{"op":"funend","pos":369},{"op":"call","fun":"角谷猜想","args":[["num",12,393]],"pos":382},{"op":"print","pos":394},{"op":"call","fun":"角谷猜想","args":[["num",19,408]],"pos":397},{"op":"print","pos":409},{"op":"call","fun":"角谷猜想","args":[["num",27,424]],"pos":412},{"op":"print","pos":425}]


=== [PASS 3] COMPILER ===
var 角谷猜想=()=>0;角谷猜想=function(甲){var 助手=()=>0;助手=function(乙){var _ans1=乙%2;var 積=_ans1;if (積!=0){var _ans2=3*乙;var 埃=_ans2;var _ans3=1+埃;var 埃=_ans3;}else{var _ans4=乙/2;var 埃=_ans4;};return 埃};var 回=[];回.push(甲);while (true){if (甲==1){break;};var _ans5=助手(甲);甲=_ans5;回.push(甲);};回.push(1);return 回};var _ans6=角谷猜想(12);console.log(_ans6);var _ans7=角谷猜想(19);console.log(_ans7);var _ans8=角谷猜想(27);console.log(_ans8);


=== [PASS 1] TOKENIZER ===
[["decl","uninit",1],["num",1,3],["type","fun",3],["name",null,7],["iden","圖靈機",12],["ctrl","funstart",17],["ctrl","funarg",21],["num",1,23],["type","arr",23],["assgn",null,25],["iden","諸律",29],["num",2,32],["type","str",32],["assgn",null,34],["iden","始態",38],["assgn",null,40],["iden","終態",44],["ctrl","funbody",51],["decl","uninit",56],["num",1,58],["type","arr",58],["name",null,62],["iden","帶",65],["ctnr","push",67],["iden","帶",70],["opord","l",71],["lit","\"白\"",76],["decl","init",80],["type","num",81],["num",1,84],["name",null,86],["iden","針",89],["decl","uninit",95],["num",2,97],["type","num",97],["assgn",null,99],["num",1,102],["assgn",null,102],["num",1,105],["name",null,107],["iden","左疆",111],["assgn",null,113],["iden","右疆",117],["decl","uninit",122],["num",1,124],["type","str",124],["assgn",null,126],["iden","始態",130],["name",null,134],["iden","態",137],["decl","uninit",143],["num",1,145],["type","fun",145],["name",null,149],["iden","圖靈機畫法",156],["ctrl","funbody",160],["decl","uninit",166],["num",1,168],["type","str",168],["name",null,172],["iden","畫帶",176],["decl","init",181],["type","num",182],["iden","左疆",186],["name",null,190],["iden","筆",193],["ctrl","whiletrue",197],["ctrl","if",199],["iden","筆",202],["cmp",">",204],["iden","右疆",208],["ctrl","conj",209],["ctrl","break",211],["ctrl","end",212],["expr",null,218],["iden","帶",221],["ctnr","subs",222],["iden","筆",225],["name",null,229],["iden","符",232],["ctrl","if",238],["iden","針",241],["cmp","==",243],["iden","筆",246],["ctrl","conj",247],["op","+",254],["iden","符",257],["opord","r",258],["lit","\"〔\"",263],["op","+",265],["ans",null,266],["opord","l",267],["lit","\"〕\"",272],["rassgn","a",274],["iden","符",277],["ctrl","conj",278],["rassgn","b",280],["ans",null,281],["rassgn","c",283],["ctrl","else",289],["op","+",296],["iden","符",299],["opord","r",300],["lit","\"、\"",305],["op","+",307],["ans",null,308],["opord","l",309],["lit","\"、\"",314],["rassgn","a",316],["iden","符",319],["ctrl","conj",320],["rassgn","b",322],["ans",null,323],["rassgn","c",325],["ctrl","end",331],["op","+",337],["iden","畫帶",341],["opord","l",342],["iden","符",345],["rassgn","a",348],["iden","畫帶",352],["ctrl","conj",353],["rassgn","b",355],["ans",null,356],["rassgn","c",358],["op","+",364],["num",1,366],["opord","l",366],["iden","筆",369],["rassgn","a",372],["iden","筆",375],["ctrl","conj",376],["rassgn","b",378],["ans",null,379],["rassgn","c",381],["ctrl","end",383],["decl","uninit",389],["num",4,391],["type","str",391],["assgn",null,393],["iden","態",396],["assgn",null,398],["lit","\"《\"",403],["assgn",null,405],["iden","畫帶",409],["assgn",null,411],["lit","\"》\"",416],["print",null,418],["ctrl","funend0",423],["iden","圖靈機畫法",430],["ctrl","funend1",433],["call",null,438],["iden","圖靈機畫法",445],["discard",null,447],["ctrl","whiletrue",454],["ctrl","for",459],["iden","諸律",463],["ctrl","forin",465],["iden","律",468],["expr",null,473],["iden","律",476],["ctnr","subs",477],["num",1,480],["name",null,482],["iden","甲態",486],["expr",null,492],["iden","律",495],["ctnr","subs",496],["num",2,499],["name",null,501],["iden","讀符",505],["expr",null,511],["iden","律",514],["ctnr","subs",515],["num",3,518],["name",null,520],["iden","乙態",524],["expr",null,530],["iden","律",533],["ctnr","subs",534],["num",4,537],["name",null,539],["iden","畫符",543],["expr",null,549],["iden","律",552],["ctnr","subs",553],["num",5,556],["name",null,558],["iden","移",561],["ctrl","if",568],["iden","態",571],["cmp","==",573],["iden","甲態",577],["ctrl","conj",578],["ctrl","if",580],["iden","帶",583],["ctnr","subs",584],["iden","針",587],["cmp","==",589],["iden","讀符",593],["ctrl","conj",594],["rassgn","a",602],["iden","帶",605],["ctnr","subs",606],["iden","針",609],["ctrl","conj",610],["rassgn","b",612],["iden","畫符",616],["rassgn","c",618],["rassgn","a",626],["iden","態",629],["ctrl","conj",630],["rassgn","b",632],["iden","乙態",636],["rassgn","c",638],["ctrl","if",645],["iden","移",648],["cmp","==",650],["lit","\"左\"",655],["ctrl","conj",656],["op","-",658],["num",1,660],["opord","r",660],["iden","針",663],["rassgn","a",666],["iden","針",669],["ctrl","conj",670],["rassgn","b",672],["ans",null,673],["rassgn","c",675],["ctrl","end",678],["ctrl","if",685],["iden","移",688],["cmp","==",690],["lit","\"右\"",695],["ctrl","conj",696],["op","+",698],["num",1,700],["opord","r",700],["iden","針",703],["rassgn","a",706],["iden","針",709],["ctrl","conj",710],["rassgn","b",712],["ans",null,713],["rassgn","c",715],["ctrl","end",718],["ctrl","break",726],["ctrl","end",733],["ctrl","end",735],["ctrl","end",740],["ctrl","if",746],["iden","針",749],["cmp","<",751],["iden","左疆",755],["ctrl","conj",756],["rassgn","a",763],["iden","帶",766],["ctnr","subs",767],["iden","針",770],["ctrl","conj",771],["rassgn","b",773],["lit","\"白\"",778],["rassgn","c",780],["rassgn","a",787],["iden","左疆",791],["ctrl","conj",792],["rassgn","b",794],["iden","針",797],["rassgn","c",799],["ctrl","end",805],["ctrl","if",809],["iden","針",812],["cmp",">",814],["iden","右疆",818],["ctrl","conj",819],["rassgn","a",826],["iden","帶",829],["ctnr","subs",830],["iden","針",833],["ctrl","conj",834],["rassgn","b",836],["lit","\"白\"",841],["rassgn","c",843],["rassgn","a",850],["iden","右疆",854],["ctrl","conj",855],["rassgn","b",857],["iden","針",860],["rassgn","c",862],["ctrl","end",868],["call",null,873],["iden","圖靈機畫法",880],["discard",null,882],["ctrl","if",887],["iden","態",890],["cmp","==",892],["iden","終態",896],["ctrl","conj",897],["ctrl","break",899],["ctrl","end",900],["ctrl","end",905],["ctrl","funend0",909],["iden","圖靈機",914],["ctrl","funend1",917],["decl","uninit",923],["num",1,925],["type","fun",925],["name",null,929],["iden","製律",933],["ctrl","funstart",938],["ctrl","funarg",942],["num",1,944],["type","arr",944],["assgn",null,946],["iden","諸律",950],["num",5,955],["type","str",955],["assgn",null,957],["iden","甲態",961],["assgn",null,963],["iden","讀符",967],["assgn",null,969],["iden","乙態",973],["assgn",null,975],["iden","畫符",979],["assgn",null,981],["iden","移",984],["ctrl","funbody",990],["decl","uninit",995],["num",1,997],["type","arr",997],["name",null,1001],["iden","律",1004],["ctnr","push",1008],["iden","律",1011],["opord","l",1012],["iden","甲態",1016],["opord","l",1018],["iden","讀符",1022],["opord","l",1024],["iden","乙態",1028],["opord","l",1030],["iden","畫符",1034],["opord","l",1036],["iden","移",1039],["ctnr","push",1043],["iden","諸律",1047],["opord","l",1048],["iden","律",1051],["ctrl","funend0",1055],["iden","製律",1059],["ctrl","funend1",1062],["decl","uninit",1067],["num",1,1069],["type","str",1069],["assgn",null,1071],["lit","\"營營河狸。止于樊。\"",1084],["print",null,1087],["decl","uninit",1092],["num",1,1094],["type","arr",1094],["name",null,1098],["iden","諸律",1102],["decl","uninit",1106],["num",1,1108],["type","str",1108],["assgn",null,1110],["lit","\"墨\"",1115],["name",null,1119],["iden","陽符",1123],["decl","uninit",1127],["num",1,1129],["type","str",1129],["assgn",null,1131],["lit","\"白\"",1136],["name",null,1140],["iden","陰符",1144],["call",null,1147],["iden","製律",1151],["opord","r",1152],["iden","諸律",1156],["opord","r",1157],["lit","\"甲\"",1162],["opord","r",1163],["iden","陰符",1167],["opord","r",1168],["lit","\"乙\"",1173],["opord","r",1174],["iden","陽符",1178],["opord","r",1179],["lit","\"右\"",1184],["call",null,1186],["iden","製律",1190],["opord","r",1191],["iden","諸律",1195],["opord","r",1196],["lit","\"甲\"",1201],["opord","r",1202],["iden","陽符",1206],["opord","r",1207],["lit","\"丙\"",1212],["opord","r",1213],["iden","陽符",1217],["opord","r",1218],["lit","\"左\"",1223],["call",null,1225],["iden","製律",1229],["opord","r",1230],["iden","諸律",1234],["opord","r",1235],["lit","\"乙\"",1240],["opord","r",1241],["iden","陰符",1245],["opord","r",1246],["lit","\"甲\"",1251],["opord","r",1252],["iden","陽符",1256],["opord","r",1257],["lit","\"左\"",1262],["call",null,1264],["iden","製律",1268],["opord","r",1269],["iden","諸律",1273],["opord","r",1274],["lit","\"乙\"",1279],["opord","r",1280],["iden","陽符",1284],["opord","r",1285],["lit","\"乙\"",1290],["opord","r",1291],["iden","陽符",1295],["opord","r",1296],["lit","\"右\"",1301],["call",null,1303],["iden","製律",1307],["opord","r",1308],["iden","諸律",1312],["opord","r",1313],["lit","\"丙\"",1318],["opord","r",1319],["iden","陰符",1323],["opord","r",1324],["lit","\"乙\"",1329],["opord","r",1330],["iden","陽符",1334],["opord","r",1335],["lit","\"左\"",1340],["call",null,1342],["iden","製律",1346],["opord","r",1347],["iden","諸律",1351],["opord","r",1352],["lit","\"丙\"",1357],["opord","r",1358],["iden","陽符",1362],["opord","r",1363],["lit","\"樊\"",1368],["opord","r",1369],["iden","陽符",1373],["opord","r",1374],["lit","\"中\"",1379],["call",null,1382],["iden","圖靈機",1387],["opord","r",1388],["iden","諸律",1392],["opord","r",1393],["lit","\"甲\"",1398],["opord","r",1399],["lit","\"樊\"",1404]]


=== [PASS 2] ABSTRACT SYNTAX CHAIN ===
[{"op":"var","count":1,"type":"fun","values":[],"names":["圖靈機"],"pos":1},{"op":"fun","arity":3,"args":[{"name":"諸律","type":"arr"},{"name":"始態","type":"str"},{"name":"終態","type":"str"}],"pos":17},{"op":"funbody","pos":51},{"op":"var","count":1,"type":"arr","values":[],"names":["帶"],"pos":56},{"op":"push","container":"帶","values":[["lit","\"白\"",76]],"pos":67},{"op":"var","count":1,"type":"num","values":[["num",1,84]],"pos":80,"names":["針"]},{"op":"var","count":2,"type":"num","values":[["num",1,102],["num",1,105]],"names":["左疆","右疆"],"pos":95},{"op":"var","count":1,"type":"str","values":[["iden","始態",130]],"names":["態"],"pos":122},{"op":"var","count":1,"type":"fun","values":[],"names":["圖靈機畫法"],"pos":143},{"op":"funbody","pos":160},{"op":"var","count":1,"type":"str","values":[],"names":["畫帶"],"pos":166},{"op":"var","count":1,"type":"num","values":[["iden","左疆",186]],"pos":181,"names":["筆"]},{"op":"whiletrue","pos":197},{"op":"if","test":[["iden","筆",202],["cmp",">",204],["iden","右疆",208]],"pos":199},{"op":"break","pos":211},{"op":"end","pos":212},{"op":"subscript","container":"帶","value":["iden","筆",225],"pos":218},{"op":"name","names":["符"],"pos":229},{"op":"if","test":[["iden","針",241],["cmp","==",243],["iden","筆",246]],"pos":238},{"lhs":["lit","\"〔\"",263],"rhs":["iden","符",257],"op":"op+"},{"lhs":["ans",null,266],"rhs":["lit","\"〕\"",272],"op":"op+"},{"op":"reassign","lhs":["iden","符",277],"pos":274,"rhs":["ans",null,281]},{"op":"else","pos":289},{"lhs":["lit","\"、\"",305],"rhs":["iden","符",299],"op":"op+"},{"lhs":["ans",null,308],"rhs":["lit","\"、\"",314],"op":"op+"},{"op":"reassign","lhs":["iden","符",319],"pos":316,"rhs":["ans",null,323]},{"op":"end","pos":331},{"lhs":["iden","畫帶",341],"rhs":["iden","符",345],"op":"op+"},{"op":"reassign","lhs":["iden","畫帶",352],"pos":348,"rhs":["ans",null,356]},{"lhs":["num",1,366],"rhs":["iden","筆",369],"op":"op+"},{"op":"reassign","lhs":["iden","筆",375],"pos":372,"rhs":["ans",null,379]},{"op":"end","pos":383},{"op":"var","count":4,"type":"str","values":[["iden","態",396],["lit","\"《\"",403],["iden","畫帶",409],["lit","\"》\"",416]],"names":[],"pos":389},{"op":"print","pos":418},{"op":"funend","pos":423},{"op":"call","fun":"圖靈機畫法","args":[],"pos":438},{"op":"discard","pos":447},{"op":"whiletrue","pos":454},{"op":"for","container":"諸律","iterator":"律","pos":459},{"op":"subscript","container":"律","value":["num",1,480],"pos":473},{"op":"name","names":["甲態"],"pos":482},{"op":"subscript","container":"律","value":["num",2,499],"pos":492},{"op":"name","names":["讀符"],"pos":501},{"op":"subscript","container":"律","value":["num",3,518],"pos":511},{"op":"name","names":["乙態"],"pos":520},{"op":"subscript","container":"律","value":["num",4,537],"pos":530},{"op":"name","names":["畫符"],"pos":539},{"op":"subscript","container":"律","value":["num",5,556],"pos":549},{"op":"name","names":["移"],"pos":558},{"op":"if","test":[["iden","態",571],["cmp","==",573],["iden","甲態",577]],"pos":568},{"op":"if","test":[["iden","帶",583],["ctnr","subs",584],["iden","針",587],["cmp","==",589],["iden","讀符",593]],"pos":580},{"op":"reassign","lhs":["iden","帶",605],"pos":602,"rhs":["iden","畫符",616],"lhssubs":["iden","針",609]},{"op":"reassign","lhs":["iden","態",629],"pos":626,"rhs":["iden","乙態",636]},{"op":"if","test":[["iden","移",648],["cmp","==",650],["lit","\"左\"",655]],"pos":645},{"lhs":["iden","針",663],"rhs":["num",1,660],"op":"op-"},{"op":"reassign","lhs":["iden","針",669],"pos":666,"rhs":["ans",null,673]},{"op":"end","pos":678},{"op":"if","test":[["iden","移",688],["cmp","==",690],["lit","\"右\"",695]],"pos":685},{"lhs":["iden","針",703],"rhs":["num",1,700],"op":"op+"},{"op":"reassign","lhs":["iden","針",709],"pos":706,"rhs":["ans",null,713]},{"op":"end","pos":718},{"op":"break","pos":726},{"op":"end","pos":733},{"op":"end","pos":735},{"op":"end","pos":740},{"op":"if","test":[["iden","針",749],["cmp","<",751],["iden","左疆",755]],"pos":746},{"op":"reassign","lhs":["iden","帶",766],"pos":763,"rhs":["lit","\"白\"",778],"lhssubs":["iden","針",770]},{"op":"reassign","lhs":["iden","左疆",791],"pos":787,"rhs":["iden","針",797]},{"op":"end","pos":805},{"op":"if","test":[["iden","針",812],["cmp",">",814],["iden","右疆",818]],"pos":809},{"op":"reassign","lhs":["iden","帶",829],"pos":826,"rhs":["lit","\"白\"",841],"lhssubs":["iden","針",833]},{"op":"reassign","lhs":["iden","右疆",854],"pos":850,"rhs":["iden","針",860]},{"op":"end","pos":868},{"op":"call","fun":"圖靈機畫法","args":[],"pos":873},{"op":"discard","pos":882},{"op":"if","test":[["iden","態",890],["cmp","==",892],["iden","終態",896]],"pos":887},{"op":"break","pos":899},{"op":"end","pos":900},{"op":"end","pos":905},{"op":"funend","pos":909},{"op":"var","count":1,"type":"fun","values":[],"names":["製律"],"pos":923},{"op":"fun","arity":6,"args":[{"name":"諸律","type":"arr"},{"name":"甲態","type":"str"},{"name":"讀符","type":"str"},{"name":"乙態","type":"str"},{"name":"畫符","type":"str"},{"name":"移","type":"str"}],"pos":938},{"op":"funbody","pos":990},{"op":"var","count":1,"type":"arr","values":[],"names":["律"],"pos":995},{"op":"push","container":"律","values":[["iden","甲態",1016],["iden","讀符",1022],["iden","乙態",1028],["iden","畫符",1034],["iden","移",1039]],"pos":1008},{"op":"push","container":"諸律","values":[["iden","律",1051]],"pos":1043},{"op":"funend","pos":1055},{"op":"var","count":1,"type":"str","values":[["lit","\"營營河狸。止于樊。\"",1084]],"names":[],"pos":1067},{"op":"print","pos":1087},{"op":"var","count":1,"type":"arr","values":[],"names":["諸律"],"pos":1092},{"op":"var","count":1,"type":"str","values":[["lit","\"墨\"",1115]],"names":["陽符"],"pos":1106},{"op":"var","count":1,"type":"str","values":[["lit","\"白\"",1136]],"names":["陰符"],"pos":1127},{"op":"call","fun":"製律","args":[["iden","諸律",1156],["lit","\"甲\"",1162],["iden","陰符",1167],["lit","\"乙\"",1173],["iden","陽符",1178],["lit","\"右\"",1184]],"pos":1147},{"op":"call","fun":"製律","args":[["iden","諸律",1195],["lit","\"甲\"",1201],["iden","陽符",1206],["lit","\"丙\"",1212],["iden","陽符",1217],["lit","\"左\"",1223]],"pos":1186},{"op":"call","fun":"製律","args":[["iden","諸律",1234],["lit","\"乙\"",1240],["iden","陰符",1245],["lit","\"甲\"",1251],["iden","陽符",1256],["lit","\"左\"",1262]],"pos":1225},{"op":"call","fun":"製律","args":[["iden","諸律",1273],["lit","\"乙\"",1279],["iden","陽符",1284],["lit","\"乙\"",1290],["iden","陽符",1295],["lit","\"右\"",1301]],"pos":1264},{"op":"call","fun":"製律","args":[["iden","諸律",1312],["lit","\"丙\"",1318],["iden","陰符",1323],["lit","\"乙\"",1329],["iden","陽符",1334],["lit","\"左\"",1340]],"pos":1303},{"op":"call","fun":"製律","args":[["iden","諸律",1351],["lit","\"丙\"",1357],["iden","陽符",1362],["lit","\"樊\"",1368],["iden","陽符",1373],["lit","\"中\"",1379]],"pos":1342},{"op":"call","fun":"圖靈機","args":[["iden","諸律",1392],["lit","\"甲\"",1398],["lit","\"樊\"",1404]],"pos":1382}]


=== [PASS 3] COMPILER ===
var 圖靈機=()=>0;圖靈機=function(諸律,始態,終態){var 帶=[];帶.push("白");var 針=1;var 左疆=1;var 右疆=1;var 態=始態;var 圖靈機畫法=()=>0;圖靈機畫法=function(){var 畫帶="";var 筆=左疆;while (true){if (筆>右疆){break;};var _ans1=帶[筆-1];var 符=_ans1;if (針==筆){var _ans2="〔"+符;var _ans3=_ans2+"〕";符=_ans3;}else{var _ans4="、"+符;var _ans5=_ans4+"、";符=_ans5;};var _ans6=畫帶+符;畫帶=_ans6;var _ans7=1+筆;筆=_ans7;};var _ans8=態;var _ans9="《";var _ans10=畫帶;var _ans11="》";console.log(_ans8,_ans9,_ans10,_ans11);};var _ans12=圖靈機畫法();while (true){for (var 律 of 諸律){var _ans13=律[1-1];var 甲態=_ans13;var _ans14=律[2-1];var 讀符=_ans14;var _ans15=律[3-1];var 乙態=_ans15;var _ans16=律[4-1];var 畫符=_ans16;var _ans17=律[5-1];var 移=_ans17;if (態==甲態){if (帶[針-1]==讀符){帶[針-1]=畫符;態=乙態;if (移=="左"){var _ans18=針-1;針=_ans18;};if (移=="右"){var _ans19=針+1;針=_ans19;};break;};};};if (針<左疆){帶[針-1]="白";左疆=針;};if (針>右疆){帶[針-1]="白";右疆=針;};var _ans20=圖靈機畫法();if (態==終態){break;};};};var 製律=()=>0;製律=function(諸律,甲態,讀符,乙態,畫符,移){var 律=[];律.push(甲態,讀符,乙態,畫符,移);諸律.push(律);};var _ans21="營營河狸。止于樊。";console.log(_ans21);var 諸律=[];var 陽符="墨";var 陰符="白";var _ans22=製律(諸律,"甲",陰符,"乙",陽符,"右");var _ans23=製律(諸律,"甲",陽符,"丙",陽符,"左");var _ans24=製律(諸律,"乙",陰符,"甲",陽符,"左");var _ans25=製律(諸律,"乙",陽符,"乙",陽符,"右");var _ans26=製律(諸律,"丙",陰符,"乙",陽符,"左");var _ans27=製律(諸律,"丙",陽符,"樊",陽符,"中");var _ans28=圖靈機(諸律,"甲","樊");


=== [PASS 1] TOKENIZER ===
[]


=== [PASS 2] ABSTRACT SYNTAX CHAIN ===
[]


=== [PASS 3] COMPILER ===



=== [PASS 1] TOKENIZER ===
[["decl","uninit",1],["num",1,3],["type","num",3],["assgn",null,5],["num",3,8],["name",null,10],["iden","甲",13],["ctrl","whilen0",17],["iden","甲",20],["ctrl","whilen1",21],["decl","uninit",26],["num",1,28],["type","str",28],["assgn",null,30],["lit","\"問天地好在。\"",40],["print",null,43],["ctrl","end",47]]


=== [PASS 2] ABSTRACT SYNTAX CHAIN ===
[{"op":"var","count":1,"type":"num","values":[["num",3,8]],"names":["甲"],"pos":1},{"op":"whilen","value":["iden","甲",20],"pos":17},{"op":"var","count":1,"type":"str","values":[["lit","\"問天地好在。\"",40]],"names":[],"pos":26},{"op":"print","pos":43},{"op":"end","pos":47}]


=== [PASS 3] COMPILER ===
var 甲=3;for (var _rand1=0;_rand1<甲;_rand1++){var _ans1="問天地好在。";console.log(_ans1);};
